
Allocating common symbols
Common symbol       size              file

netbufpool          0x4               binaries/net.o
readylist           0x2               binaries/ready.o
rfltab              0x5a0             binaries/rflinit.o
netportseed         0x8               binaries/net.o
sleepq              0x2               binaries/clkinit.o
nnames              0x4               binaries/naminit.o
udptab              0x168             binaries/udp.o
minheap             0x4               binaries/meminit.o
marks               0x50              binaries/mark.o
currpid             0x4               binaries/initialize.o
Lf_data             0x20c             binaries/lfsinit.o
porttab             0x2d0             binaries/ptinit.o
girmask             0x2               binaries/evec.o
ttytab              0x110             binaries/ttyinit.o
proctab             0x15e0            binaries/initialize.o
prcount             0x4               binaries/initialize.o
lfltab              0xf00             binaries/lflinit.o
rdstab              0x8c              binaries/rdsinit.o
ethertab            0x130             binaries/ethinit.o
NetData             0xb0              binaries/net.o
nmarks              0x4               binaries/mark.o
initsp              0x4               binaries/i386.o
Defer               0x8               binaries/resched.o
semtab              0x4b0             binaries/initialize.o
maxheap             0x4               binaries/meminit.o
preempt             0x4               binaries/clkinit.o
buftab              0xf0              binaries/bufinit.o
Rf_data             0x18              binaries/rfsinit.o
mkmutex             0x4               binaries/mark.o
clktime             0x4               binaries/clkinit.o
arpcache            0x140             binaries/arp.o
icmptab             0x230             binaries/icmp.o
nbpools             0x4               binaries/bufinit.o
queuetab            0x980             binaries/queue.o
ptnextid            0x4               binaries/ptinit.o
Ram                 0x19000           binaries/raminit.o
ipoqueue            0x2c              binaries/ip.o
memlist             0x8               binaries/initialize.o
nametab             0x19a0            binaries/naminit.o
ptfree              0x4               binaries/ptinit.o

Memory Configuration

Name             Origin             Length             Attributes
*default*        0x0000000000000000 0xffffffffffffffff

Linker script and memory map

                0x0000000000100000                physbase = 0x100000
                0x0000000000100000                . = physbase
                0x0000000000100000                . = ALIGN (0x1000)

.text           0x0000000000100000    0x1a000
                0x0000000000100000                text = ABSOLUTE (.)
 *(.text .text.*)
 .text          0x0000000000100000      0x165 binaries/start.o
                0x0000000000100020                entry
                0x000000000010003d                start
                0x00000000001000a5                inb
                0x00000000001000ad                inw
                0x00000000001000b6                inl
                0x00000000001000be                outb
                0x00000000001000c8                outw
                0x00000000001000d3                outl
                0x00000000001000dd                _rtcin
                0x00000000001000e8                ___udivsi3
                0x00000000001000f3                ___divsi3
                0x00000000001000ff                sbzero
                0x000000000010010f                bcopy
                0x0000000000100123                insw
                0x0000000000100139                outsw
                0x000000000010014f                lidt
                0x0000000000100157                jumptocode
                0x000000000010015e                jumptobootcode
 .text          0x0000000000100165      0x3e3 binaries/ascdate.o
                0x0000000000100165                ascdate
 .text          0x0000000000100548       0x14 binaries/bufinit.o
                0x0000000000100548                bufinit
 .text          0x000000000010055c       0x94 binaries/chprio.o
                0x000000000010055c                chprio
 .text          0x00000000001005f0       0x96 binaries/clkhandler.o
                0x00000000001005f0                clkhandler
 .text          0x0000000000100686       0x7e binaries/clkinit.o
                0x0000000000100686                clkinit
 .text          0x0000000000100704       0x75 binaries/close.o
                0x0000000000100704                close
 .text          0x0000000000100779        0x0 binaries/conf.o
 .text          0x0000000000100779       0x7b binaries/control.o
                0x0000000000100779                control
 .text          0x00000000001007f4      0x2c0 binaries/create.o
                0x00000000001007f4                create
 .text          0x0000000000100ab4      0x359 binaries/evec.o
                0x0000000000100ab4                initevec
                0x0000000000100b0b                set_evec
                0x0000000000100bad                trap
 .text          0x0000000000100e0d       0x19 binaries/exit.o
                0x0000000000100e0d                exit
 .text          0x0000000000100e26       0x8c binaries/freebuf.o
                0x0000000000100e26                freebuf
 .text          0x0000000000100eb2      0x172 binaries/freemem.o
                0x0000000000100eb2                freemem
 .text          0x0000000000101024       0x8a binaries/getbuf.o
                0x0000000000101024                getbuf
 .text          0x00000000001010ae       0x75 binaries/getc.o
                0x00000000001010ae                getc
 .text          0x0000000000101123       0x74 binaries/getdev.o
                0x0000000000101123                getdev
 .text          0x0000000000101197       0xd0 binaries/getitem.o
                0x0000000000101197                getfirst
                0x00000000001011dc                getlast
                0x0000000000101223                getitem
 .text          0x0000000000101267      0x10a binaries/getmem.o
                0x0000000000101267                getmem
 .text          0x0000000000101371        0xa binaries/getpid.o
                0x0000000000101371                getpid
 .text          0x000000000010137b       0x7d binaries/getprio.o
                0x000000000010137b                getprio
 .text          0x00000000001013f8       0xfb binaries/getstk.o
                0x00000000001013f8                getstk
 .text          0x00000000001014f3       0x16 binaries/getticks.o
                0x00000000001014f3                getticks
 .text          0x0000000000101509       0x3a binaries/gettime.o
                0x0000000000101509                gettime
 .text          0x0000000000101543      0x1e4 binaries/getutime.o
                0x0000000000101543                getutime
 .text          0x0000000000101727      0x3c5 binaries/i386.o
                0x0000000000101727                setsegs
                0x0000000000101839                init8259
                0x00000000001018eb                pseg
                0x0000000000101a93                setirmask
 .text          0x0000000000101aec       0x75 binaries/init.o
                0x0000000000101aec                init
 .text          0x0000000000101b61      0x3c8 binaries/initialize.o
                0x0000000000101b61                nulluser
                0x0000000000101ed0                stop
                0x0000000000101efb                delay
 .text          0x0000000000101f29       0xde binaries/insert.o
                0x0000000000101f29                insert
 .text          0x0000000000102007      0x110 binaries/insertd.o
                0x0000000000102007                insertd
 .text          0x0000000000102117        0xa binaries/ioerr.o
                0x0000000000102117                ioerr
 .text          0x0000000000102121        0xa binaries/ionull.o
                0x0000000000102121                ionull
 .text          0x000000000010212b      0x19d binaries/kill.o
                0x000000000010212b                kill
 .text          0x00000000001022c8      0x14e binaries/kprintf.o
                0x00000000001022c8                kputc
                0x000000000010235b                kgetc
                0x00000000001023ec                kprintf
 .text          0x0000000000102416       0x95 binaries/main.o
                0x0000000000102416                main
 .text          0x00000000001024ab       0xb5 binaries/mark.o
                0x00000000001024ab                markinit
                0x00000000001024cf                mark
 .text          0x0000000000102560       0xcc binaries/meminit.o
                0x0000000000102560                meminit
 .text          0x000000000010262c      0x174 binaries/mkbufpool.o
                0x000000000010262c                mkbufpool
 .text          0x00000000001027a0       0x94 binaries/newqueue.o
                0x00000000001027a0                newqueue
 .text          0x0000000000102834       0x7b binaries/open.o
                0x0000000000102834                open
 .text          0x00000000001028af       0x20 binaries/panic.o
                0x00000000001028af                panic
 .text          0x00000000001028cf      0x489 binaries/pci.o
                0x00000000001028cf                pci_init
                0x0000000000102b8c                find_pci_device
                0x0000000000102bda                pci_bios_read_config_byte
                0x0000000000102c19                pci_bios_read_config_word
                0x0000000000102c5b                pci_bios_read_config_dword
                0x0000000000102c9a                pci_bios_write_config_byte
                0x0000000000102cdb                pci_bios_write_config_word
                0x0000000000102d1d                pci_bios_write_config_dword
 .text          0x0000000000102d58       0xf1 binaries/ptclear.o
                0x0000000000102d58                _ptclear
 .text          0x0000000000102e49       0x9d binaries/ptcount.o
                0x0000000000102e49                ptcount
 .text          0x0000000000102ee6      0x116 binaries/ptcreate.o
                0x0000000000102ee6                ptcreate
 .text          0x0000000000102ffc       0x7f binaries/ptdelete.o
                0x0000000000102ffc                ptdelete
 .text          0x000000000010307b       0xbf binaries/ptinit.o
                0x000000000010307b                ptinit
 .text          0x000000000010313a      0x11b binaries/ptrecv.o
                0x000000000010313a                ptrecv
 .text          0x0000000000103255       0x77 binaries/ptreset.o
                0x0000000000103255                ptreset
 .text          0x00000000001032cc      0x13d binaries/ptsend.o
                0x00000000001032cc                ptsend
 .text          0x0000000000103409       0x80 binaries/putc.o
                0x0000000000103409                putc
 .text          0x0000000000103489      0x111 binaries/queue.o
                0x0000000000103489                enqueue
                0x000000000010352d                dequeue
 .text          0x000000000010359a       0x7b binaries/read.o
                0x000000000010359a                read
 .text          0x0000000000103615       0x7e binaries/ready.o
                0x0000000000103615                ready
 .text          0x0000000000103693       0x62 binaries/receive.o
                0x0000000000103693                receive
 .text          0x00000000001036f5       0x5e binaries/recvclr.o
                0x00000000001036f5                recvclr
 .text          0x0000000000103753       0xbd binaries/recvtime.o
                0x0000000000103753                recvtime
 .text          0x0000000000103810      0x16c binaries/resched.o
                0x0000000000103810                resched
                0x0000000000103907                resched_cntl
 .text          0x000000000010397c       0xb1 binaries/resume.o
                0x000000000010397c                resume
 .text          0x0000000000103a2d       0x79 binaries/seek.o
                0x0000000000103a2d                seek
 .text          0x0000000000103aa6       0x70 binaries/semcount.o
                0x0000000000103aa6                semcount
 .text          0x0000000000103b16       0xd6 binaries/semcreate.o
                0x0000000000103b16                semcreate
 .text          0x0000000000103bec       0xcd binaries/semdelete.o
                0x0000000000103bec                semdelete
 .text          0x0000000000103cb9       0xcb binaries/semreset.o
                0x0000000000103cb9                semreset
 .text          0x0000000000103d84       0xed binaries/send.o
                0x0000000000103d84                send
 .text          0x0000000000103e71       0xa8 binaries/signal.o
                0x0000000000103e71                signal
 .text          0x0000000000103f19       0xd6 binaries/signaln.o
                0x0000000000103f19                signaln
 .text          0x0000000000103fef       0xed binaries/sleep.o
                0x0000000000103fef                sleep
                0x000000000010403d                sleepms
 .text          0x00000000001040dc      0x192 binaries/stacktrace.o
                0x00000000001040dc                stacktrace
 .text          0x000000000010426e       0xe7 binaries/suspend.o
                0x000000000010426e                suspend
 .text          0x0000000000104355       0xe9 binaries/unsleep.o
                0x0000000000104355                unsleep
 .text          0x000000000010443e       0x19 binaries/userret.o
                0x000000000010443e                userret
 .text          0x0000000000104457       0xdd binaries/wait.o
                0x0000000000104457                wait
 .text          0x0000000000104534       0x72 binaries/wakeup.o
                0x0000000000104534                wakeup
 .text          0x00000000001045a6       0x7b binaries/write.o
                0x00000000001045a6                write
 .text          0x0000000000104621       0x1d binaries/xdone.o
                0x0000000000104621                xdone
 .text          0x000000000010463e       0x28 binaries/yield.o
                0x000000000010463e                yield
 .text          0x0000000000104666       0x11 binaries/abs.o
                0x0000000000104666                abs
 .text          0x0000000000104677       0x8f binaries/atoi.o
                0x0000000000104677                atoi
 .text          0x0000000000104706       0x8f binaries/atol.o
                0x0000000000104706                atol
 .text          0x0000000000104795       0x31 binaries/bzero.o
                0x0000000000104795                bzero
 .text          0x00000000001047c6        0x0 binaries/ctype_.o
 .text          0x00000000001047c6      0x8ed binaries/doprnt.o
                0x00000000001047c6                _doprnt
 .text          0x00000000001050b3      0x65c binaries/doscan.o
                0x00000000001050b3                _doscan
 .text          0x000000000010570f      0x711 binaries/fdoprnt.o
                0x000000000010570f                _fdoprnt
 .text          0x0000000000105e20       0x29 binaries/fgetc.o
                0x0000000000105e20                fgetc
 .text          0x0000000000105e49       0x75 binaries/fgets.o
                0x0000000000105e49                fgets
 .text          0x0000000000105ebe       0x2a binaries/fprintf.o
                0x0000000000105ebe                fprintf
 .text          0x0000000000105ee8       0x2c binaries/fputc.o
                0x0000000000105ee8                fputc
 .text          0x0000000000105f14       0x43 binaries/fputs.o
                0x0000000000105f14                fputs
 .text          0x0000000000105f57       0x8a binaries/fscanf.o
                0x0000000000105f57                fscanf
 .text          0x0000000000105fe1       0x32 binaries/getchar.o
                0x0000000000105fe1                getchar
 .text          0x0000000000106013       0x11 binaries/labs.o
                0x0000000000106013                labs
 .text          0x0000000000106024        0x0 binaries/memchr.o
 .text          0x0000000000106024       0x51 binaries/memcmp.o
                0x0000000000106024                memcmp
 .text          0x0000000000106075       0x3f binaries/memcpy.o
                0x0000000000106075                memcpy
 .text          0x00000000001060b4       0x30 binaries/memset.o
                0x00000000001060b4                memset
 .text          0x00000000001060e4       0x48 binaries/printf.o
                0x00000000001060e4                printf
 .text          0x000000000010612c       0x35 binaries/putchar.o
                0x000000000010612c                putchar
 .text          0x0000000000106161      0x27e binaries/qsort.o
                0x0000000000106161                qsort
 .text          0x00000000001063df       0x63 binaries/rand.o
                0x00000000001063df                rand
                0x00000000001063f7                rand_r
                0x0000000000106435                srand
 .text          0x0000000000106442       0x66 binaries/sprintf.o
                0x0000000000106442                sprintf
 .text          0x00000000001064a8       0x70 binaries/sscanf.o
                0x00000000001064a8                sscanf
 .text          0x0000000000106518       0x3c binaries/strchr.o
                0x0000000000106518                strchr
 .text          0x0000000000106554       0x45 binaries/strcmp.o
                0x0000000000106554                strcmp
 .text          0x0000000000106599       0x27 binaries/strcpy.o
                0x0000000000106599                strcpy
 .text          0x00000000001065c0       0x26 binaries/strlen.o
                0x00000000001065c0                strlen
 .text          0x00000000001065e6       0x56 binaries/strncat.o
                0x00000000001065e6                strncat
 .text          0x000000000010663c       0x5f binaries/strncmp.o
                0x000000000010663c                strncmp
 .text          0x000000000010669b       0x4f binaries/strncpy.o
                0x000000000010669b                strncpy
 .text          0x00000000001066ea       0x2e binaries/strnlen.o
                0x00000000001066ea                strnlen
 .text          0x0000000000106718       0x45 binaries/strrchr.o
                0x0000000000106718                strrchr
 .text          0x000000000010675d       0x6d binaries/strstr.o
                0x000000000010675d                strstr
 .text          0x00000000001067ca       0xe4 binaries/ttycontrol.o
                0x00000000001067ca                ttycontrol
 .text          0x00000000001068ae       0x97 binaries/ttygetc.o
                0x00000000001068ae                ttygetc
 .text          0x0000000000106945      0x6ee binaries/ttyhandle_in.o
                0x0000000000106945                ttyhandle_in
 .text          0x0000000000107033      0x1ae binaries/ttyhandle_out.o
                0x0000000000107033                ttyhandle_out
 .text          0x00000000001071e1       0xce binaries/ttyhandler.o
                0x00000000001071e1                ttyhandler
 .text          0x00000000001072af      0x22f binaries/ttyinit.o
                0x00000000001072af                ttyinit
 .text          0x00000000001074de       0x1b binaries/ttykickout.o
                0x00000000001074de                ttykickout
 .text          0x00000000001074f9       0xb7 binaries/ttyputc.o
                0x00000000001074f9                ttyputc
 .text          0x00000000001075b0      0x11b binaries/ttyread.o
                0x00000000001075b0                ttyread
 .text          0x00000000001076cb       0x4f binaries/ttywrite.o
                0x00000000001076cb                ttywrite
 .text          0x000000000010771a      0x14b binaries/mount.o
                0x000000000010771a                mount
                0x000000000010782f                namlen
 .text          0x0000000000107865      0x1ea binaries/naminit.o
                0x0000000000107865                naminit
 .text          0x0000000000107a4f      0x211 binaries/nammap.o
                0x0000000000107a4f                nammap
                0x0000000000107ada                namrepl
                0x0000000000107c10                namcpy
 .text          0x0000000000107c60       0x4e binaries/namopen.o
                0x0000000000107c60                namopen
 .text          0x0000000000107cae      0xec3 binaries/82545EMInit.o
                0x0000000000107d0c                _82545EMInit
                0x00000000001089dd                _82545EM_read_phy_reg
                0x0000000000108aa3                _82545EM_write_phy_reg
 .text          0x0000000000108b71      0x241 binaries/ethcontrol.o
                0x0000000000108bcf                ethcontrol
                0x0000000000108d45                ethIrqDisable
                0x0000000000108d7a                ethIrqEnable
 .text          0x0000000000108db2      0x252 binaries/ethhandler.o
                0x0000000000108f22                ethhandler
 .text          0x0000000000109004      0x126 binaries/ethinit.o
                0x0000000000109004                ethinit
 .text          0x000000000010912a      0x1f4 binaries/ethread.o
                0x0000000000109188                ethread
 .text          0x000000000010931e      0x19f binaries/ethwrite.o
                0x000000000010937c                ethwrite
 .text          0x00000000001094bd       0x9e binaries/rdsbufalloc.o
                0x00000000001094bd                rdsbufalloc
 .text          0x000000000010955b       0xcc binaries/rdsclose.o
                0x000000000010955b                rdsclose
 .text          0x0000000000109627      0x2e8 binaries/rdscomm.o
                0x0000000000109627                rdscomm
 .text          0x000000000010990f      0x233 binaries/rdscontrol.o
                0x000000000010990f                rdscontrol
 .text          0x0000000000109b42      0x1f3 binaries/rdsinit.o
                0x0000000000109b42                rdsinit
 .text          0x0000000000109d35      0x19b binaries/rdsopen.o
                0x0000000000109d35                rdsopen
 .text          0x0000000000109ed0      0x461 binaries/rdsprocess.o
                0x0000000000109ed0                rdsprocess
 .text          0x000000000010a331      0x259 binaries/rdsread.o
                0x000000000010a331                rdsread
 .text          0x000000000010a58a      0x1fe binaries/rdswrite.o
                0x000000000010a58a                rdswrite
 .text          0x000000000010a788        0xa binaries/ramclose.o
                0x000000000010a788                ramclose
 .text          0x000000000010a792       0x3e binaries/raminit.o
                0x000000000010a792                raminit
 .text          0x000000000010a7d0        0xa binaries/ramopen.o
                0x000000000010a7d0                ramopen
 .text          0x000000000010a7da       0x32 binaries/ramread.o
                0x000000000010a7da                ramread
 .text          0x000000000010a80c       0x32 binaries/ramwrite.o
                0x000000000010a80c                ramwrite
 .text          0x000000000010a83e       0x98 binaries/lfdballoc.o
                0x000000000010a83e                lfdballoc
 .text          0x000000000010a8d6       0x58 binaries/lfdbfree.o
                0x000000000010a8d6                lfdbfree
 .text          0x000000000010a92e       0xb6 binaries/lfflush.o
                0x000000000010a92e                lfflush
 .text          0x000000000010a9e4       0xd8 binaries/lfgetmode.o
                0x000000000010a9e4                lfgetmode
 .text          0x000000000010aabc       0x68 binaries/lfiballoc.o
                0x000000000010aabc                lfiballoc
 .text          0x000000000010ab24       0x3b binaries/lfibclear.o
                0x000000000010ab24                lfibclear
 .text          0x000000000010ab5f       0xad binaries/lfibget.o
                0x000000000010ab5f                lfibget
 .text          0x000000000010ac0c       0xdc binaries/lfibput.o
                0x000000000010ac0c                lfibput
 .text          0x000000000010ace8       0xa2 binaries/lflclose.o
                0x000000000010ace8                lflclose
 .text          0x000000000010ad8a       0xd0 binaries/lflcontrol.o
                0x000000000010ad8a                lflcontrol
 .text          0x000000000010ae5a       0xf2 binaries/lflgetc.o
                0x000000000010ae5a                lflgetc
 .text          0x000000000010af4c       0xf1 binaries/lflinit.o
                0x000000000010af4c                lflinit
 .text          0x000000000010b03d      0x122 binaries/lflputc.o
                0x000000000010b03d                lflputc
 .text          0x000000000010b15f       0x70 binaries/lflread.o
                0x000000000010b15f                lflread
 .text          0x000000000010b1cf       0xac binaries/lflseek.o
                0x000000000010b1cf                lflseek
 .text          0x000000000010b27b       0x75 binaries/lflwrite.o
                0x000000000010b27b                lflwrite
 .text          0x000000000010b2f0       0x62 binaries/lfscheck.o
                0x000000000010b2f0                lfscheck
 .text          0x000000000010b352      0x175 binaries/lfsckfmt.o
                0x000000000010b352                lfsckfmt
 .text          0x000000000010b4c7      0x1ad binaries/lfscreate.o
                0x000000000010b4c7                lfscreate
 .text          0x000000000010b674      0x278 binaries/lfsetup.o
                0x000000000010b674                lfsetup
 .text          0x000000000010b8ec       0x51 binaries/lfsinit.o
                0x000000000010b8ec                lfsinit
 .text          0x000000000010b93d      0x457 binaries/lfsopen.o
                0x000000000010b93d                lfsopen
 .text          0x000000000010bd94      0x15e binaries/lftruncate.o
                0x000000000010bd94                lftruncate
 .text          0x000000000010bef2       0x71 binaries/rflclose.o
                0x000000000010bef2                rflclose
 .text          0x000000000010bf63       0x32 binaries/rflgetc.o
                0x000000000010bf63                rflgetc
 .text          0x000000000010bf95       0x76 binaries/rflinit.o
                0x000000000010bf95                rflinit
 .text          0x000000000010c00b       0x33 binaries/rflputc.o
                0x000000000010c00b                rflputc
 .text          0x000000000010c03e      0x360 binaries/rflread.o
                0x000000000010c03e                rflread
 .text          0x000000000010c39e       0x74 binaries/rflseek.o
                0x000000000010c39e                rflseek
 .text          0x000000000010c412      0x34d binaries/rflwrite.o
                0x000000000010c412                rflwrite
 .text          0x000000000010c75f      0x1e2 binaries/rfscomm.o
                0x000000000010c75f                rfscomm
 .text          0x000000000010c941      0x26d binaries/rfscontrol.o
                0x000000000010c941                rfscontrol
 .text          0x000000000010cbae       0xd8 binaries/rfsgetmode.o
                0x000000000010cbae                rfsgetmode
 .text          0x000000000010cc86       0x86 binaries/rfsinit.o
                0x000000000010cc86                rfsinit
 .text          0x000000000010cd0c      0x111 binaries/rfsndmsg.o
                0x000000000010cd0c                rfsndmsg
 .text          0x000000000010ce1d      0x2aa binaries/rfsopen.o
                0x000000000010ce1d                rfsopen
 .text          0x000000000010d0c7      0x836 binaries/arp.o
                0x000000000010d0c7                arp_init
                0x000000000010d0f9                arp_resolve
                0x000000000010d3ad                arp_in
                0x000000000010d665                arp_alloc
                0x000000000010d725                arp_ntoh
                0x000000000010d811                arp_hton
 .text          0x000000000010d8fd      0x8e3 binaries/dhcp.o
                0x000000000010d8fd                dhcp_get_opt_val
                0x000000000010d956                dhcp_bld_bootp_msg
                0x000000000010da63                dhcp_bld_disc
                0x000000000010db4c                dhcp_bld_req
                0x000000000010dcbe                getlocalip
 .text          0x000000000010e1e0      0x59f binaries/dns.o
                0x000000000010e1e0                dnslookup
 .text          0x000000000010e77f       0xe8 binaries/dot2ip.o
                0x000000000010e77f                dot2ip
 .text          0x000000000010e867      0x4c4 binaries/hexdump.o
                0x000000000010e867                hexdump
                0x000000000010ea0e                hexadump
 .text          0x000000000010ed2b      0x8af binaries/icmp.o
                0x000000000010ed2b                icmp_init
                0x000000000010ed62                icmp_in
                0x000000000010ef38                icmp_register
                0x000000000010f033                icmp_recv
                0x000000000010f1bf                icmp_send
                0x000000000010f247                icmp_mkpkt
                0x000000000010f361                icmp_release
                0x000000000010f45f                icmp_cksum
                0x000000000010f4f2                icmp_hton
                0x000000000010f566                icmp_ntoh
 .text          0x000000000010f5da      0x8a5 binaries/ip.o
                0x000000000010f5da                ip_in
                0x000000000010f75e                ip_send
                0x000000000010f8b9                ip_local
                0x000000000010f905                ip_out
                0x000000000010fa3e                ipcksum
                0x000000000010fac4                ip_ntoh
                0x000000000010fbb0                ip_hton
                0x000000000010fc9c                ipout
                0x000000000010fdcb                ip_enqueue
 .text          0x000000000010fe7f      0x2cd binaries/net.o
                0x000000000010fe7f                net_init
                0x000000000010ffa7                netin
                0x0000000000110064                eth_hton
                0x000000000011008e                eth_ntoh
                0x00000000001100b8                getport
 .text          0x000000000011014c     0x147f binaries/pdump.o
                0x000000000011014c                pdump
                0x0000000000110f09                pdumph
 .text          0x00000000001115cb      0x613 binaries/tftp.o
                0x00000000001115cb                tftp_send1
                0x0000000000111743                tftpget
                0x0000000000111775                tftpget_mb
 .text          0x0000000000111bde      0xb82 binaries/udp.o
                0x0000000000111bde                udp_init
                0x0000000000111c13                udp_in
                0x0000000000111d55                udp_register
                0x0000000000111e92                udp_recv
                0x000000000011202e                udp_recvaddr
                0x00000000001121e2                udp_send
                0x00000000001123ca                udp_sendto
                0x000000000011257b                udp_release
                0x0000000000112676                udp_ntoh
                0x00000000001126eb                udp_hton
 .text          0x0000000000112760      0x13b binaries/addargs.o
                0x0000000000112760                addargs
 .text          0x000000000011289b      0x2c9 binaries/lexan.o
                0x000000000011289b                lexan
 .text          0x0000000000112b64      0x667 binaries/shell.o
                0x0000000000112b64                shell
 .text          0x00000000001131cb       0x69 binaries/xsh_argecho.o
                0x00000000001131cb                xsh_argecho
 .text          0x0000000000113234      0x275 binaries/xsh_arp.o
                0x0000000000113234                xsh_arp
 .text          0x00000000001134a9      0x275 binaries/xsh_cat.o
                0x00000000001134a9                xsh_cat
 .text          0x000000000011371e       0x5f binaries/xsh_clear.o
                0x000000000011371e                xsh_clear
 .text          0x000000000011377d      0x2ff binaries/xsh_date.o
                0x000000000011377d                xsh_date
 .text          0x0000000000113a7c       0xaf binaries/xsh_devdump.o
                0x0000000000113a7c                xsh_devdump
 .text          0x0000000000113b2b       0x72 binaries/xsh_echo.o
                0x0000000000113b2b                xsh_echo
 .text          0x0000000000113b9d        0xa binaries/xsh_exit.o
                0x0000000000113b9d                xsh_exit
 .text          0x0000000000113ba7      0x38b binaries/xsh_help.o
                0x0000000000113ba7                xsh_help
 .text          0x0000000000113f32      0x24e binaries/xsh_kill.o
                0x0000000000113f32                xsh_kill
 .text          0x0000000000114180      0x54b binaries/xsh_memdump.o
                0x0000000000114180                xsh_memdump
 .text          0x00000000001146cb      0x2b1 binaries/xsh_memstat.o
                0x00000000001146cb                xsh_memstat
 .text          0x000000000011497c      0x511 binaries/xsh_netinfo.o
                0x000000000011497c                xsh_netinfo
 .text          0x0000000000114e8d      0x498 binaries/xsh_ping.o
                0x0000000000114e8d                xsh_ping
 .text          0x0000000000115325      0x229 binaries/xsh_ps.o
                0x0000000000115325                xsh_ps
 .text          0x000000000011554e      0x22a binaries/xsh_sleep.o
                0x000000000011554e                xsh_sleep
 .text          0x0000000000115778       0x99 binaries/xsh_todo.o
                0x0000000000115778                xsh_todo
 .text          0x0000000000115811      0x27c binaries/xsh_udpdump.o
                0x0000000000115811                xsh_udpdump
 .text          0x0000000000115a8d      0x4cc binaries/xsh_udpecho.o
                0x0000000000115a8d                xsh_udpecho
 .text          0x0000000000115f59      0x2b6 binaries/xsh_udpserver.o
                0x0000000000115f59                xsh_udpeserver
 .text          0x000000000011620f      0x1f5 binaries/xsh_uptime.o
                0x000000000011620f                xsh_uptime
 .text          0x0000000000116404        0xe binaries/clkdisp.o
                0x0000000000116404                clkdisp
 .text          0x0000000000116412       0x19 binaries/ctxsw.o
                0x0000000000116412                ctxsw
 .text          0x000000000011642b      0x36b binaries/intr.o
                0x000000000011642b                disable
                0x0000000000116434                restore
                0x0000000000116442                enable
                0x0000000000116444                pause
                0x000000000011644b                halt
                0x0000000000116451                spurious_irq7
                0x0000000000116456                spurious_irq15
                0x0000000000116465                _Xint0
                0x0000000000116470                _Xint1
                0x000000000011647b                _Xint2
                0x0000000000116486                _Xint3
                0x0000000000116491                _Xint4
                0x000000000011649c                _Xint5
                0x00000000001164a7                _Xint6
                0x00000000001164b2                _Xint7
                0x00000000001164bd                _Xint8
                0x00000000001164c8                _Xint9
                0x00000000001164d3                _Xint10
                0x00000000001164de                _Xint11
                0x00000000001164ec                _Xint12
                0x00000000001164fa                _Xint13
                0x0000000000116508                _Xint14
                0x0000000000116516                _Xint15
                0x0000000000116524                _Xint16
                0x0000000000116532                _Xint17
                0x0000000000116540                _Xint18
                0x000000000011654e                _Xint19
                0x000000000011655c                _Xint20
                0x000000000011656a                _Xint21
                0x0000000000116578                _Xint22
                0x0000000000116586                _Xint23
                0x0000000000116594                _Xint24
                0x00000000001165a2                _Xint25
                0x00000000001165b0                _Xint26
                0x00000000001165be                _Xint27
                0x00000000001165cc                _Xint28
                0x00000000001165da                _Xint29
                0x00000000001165e8                _Xint30
                0x00000000001165f6                _Xint31
                0x0000000000116604                _Xint32
                0x0000000000116612                _Xint33
                0x0000000000116620                _Xint34
                0x000000000011662e                _Xint35
                0x000000000011663c                _Xint36
                0x000000000011664a                _Xint37
                0x0000000000116658                _Xint38
                0x0000000000116666                _Xint39
                0x0000000000116674                _Xint40
                0x0000000000116682                _Xint41
                0x0000000000116690                _Xint42
                0x000000000011669e                _Xint43
                0x00000000001166ac                _Xint44
                0x00000000001166ba                _Xint45
                0x00000000001166c8                _Xint46
                0x00000000001166d6                defevec
 .text          0x0000000000116796        0xf binaries/ttydispatch.o
                0x0000000000116796                ttydispatch
 .text          0x00000000001167a5       0x13 binaries/ethdispatch.o
                0x00000000001167a5                ethdispatch
 *(.rodata .rodata.*)
 .rodata        0x00000000001167b8       0x8e binaries/ascdate.o
 .rodata        0x0000000000116846       0xae binaries/conf.o
 .rodata        0x00000000001168f4      0x22f binaries/evec.o
 *fill*         0x0000000000116b23        0x1 
 .rodata        0x0000000000116b24       0x61 binaries/getutime.o
 *fill*         0x0000000000116b85        0x3 
 .rodata        0x0000000000116b88       0x90 binaries/i386.o
 .rodata        0x0000000000116c18      0x180 binaries/initialize.o
 .rodata        0x0000000000116d98       0x20 binaries/kill.o
 .rodata        0x0000000000116db8       0x2a binaries/main.o
 .rodata        0x0000000000116de2        0xf binaries/panic.o
 *fill*         0x0000000000116df1        0x3 
 .rodata        0x0000000000116df4      0x1ec binaries/pci.o
 .rodata        0x0000000000116fe0       0x1d binaries/ptinit.o
 *fill*         0x0000000000116ffd        0x3 
 .rodata        0x0000000000117000       0x25 binaries/ptsend.o
 *fill*         0x0000000000117025        0x3 
 .rodata        0x0000000000117028       0xb7 binaries/stacktrace.o
 *fill*         0x00000000001170df        0x1 
 .rodata        0x00000000001170e0       0x27 binaries/xdone.o
 *fill*         0x0000000000117107       0x19 
 .rodata        0x0000000000117120       0x81 binaries/ctype_.o
                0x0000000000117120                _ctype_
 *fill*         0x00000000001171a1        0x3 
 .rodata        0x00000000001171a4       0xee binaries/doprnt.o
 *fill*         0x0000000000117292        0x2 
 .rodata        0x0000000000117294       0x98 binaries/doscan.o
 .rodata        0x000000000011732c       0xae binaries/fdoprnt.o
 *fill*         0x00000000001173da        0x2 
 .rodata        0x00000000001173dc       0x20 binaries/ttycontrol.o
 .rodata        0x00000000001173fc       0x34 binaries/ttyhandler.o
 .rodata        0x0000000000117430       0x80 binaries/naminit.o
 .rodata        0x00000000001174b0       0x2e binaries/82545EMInit.o
 *fill*         0x00000000001174de        0x2 
 .rodata        0x00000000001174e0       0x78 binaries/ethinit.o
 .rodata        0x0000000000117558       0x18 binaries/ethread.o
 .rodata        0x0000000000117570       0x2c binaries/rdsbufalloc.o
 .rodata        0x000000000011759c       0x76 binaries/rdscomm.o
 *fill*         0x0000000000117612        0x2 
 .rodata        0x0000000000117614       0x48 binaries/rdscontrol.o
 .rodata        0x000000000011765c       0x96 binaries/rdsinit.o
 *fill*         0x00000000001176f2        0x2 
 .rodata        0x00000000001176f4       0x22 binaries/rdsopen.o
 *fill*         0x0000000000117716        0x2 
 .rodata        0x0000000000117718       0x4d binaries/rdsprocess.o
 .rodata        0x0000000000117765        0x9 binaries/raminit.o
 *fill*         0x000000000011776e        0x2 
 .rodata        0x0000000000117770       0x37 binaries/lfdballoc.o
 .rodata        0x00000000001177a7       0x14 binaries/lfiballoc.o
 *fill*         0x00000000001177bb        0x1 
 .rodata        0x00000000001177bc       0x23 binaries/lflcontrol.o
 *fill*         0x00000000001177df        0x1 
 .rodata        0x00000000001177e0       0x3d binaries/lflwrite.o
 *fill*         0x000000000011781d        0x3 
 .rodata        0x0000000000117820      0x11b binaries/lfsckfmt.o
 *fill*         0x000000000011793b        0x1 
 .rodata        0x000000000011793c       0xa3 binaries/lfsopen.o
 *fill*         0x00000000001179df        0x1 
 .rodata        0x00000000001179e0       0x21 binaries/rflread.o
 *fill*         0x0000000000117a01        0x3 
 .rodata        0x0000000000117a04       0x21 binaries/rflwrite.o
 *fill*         0x0000000000117a25        0x3 
 .rodata        0x0000000000117a28       0x75 binaries/rfscomm.o
 *fill*         0x0000000000117a9d        0x3 
 .rodata        0x0000000000117aa0       0x3c binaries/rfscontrol.o
 .rodata        0x0000000000117adc       0x63 binaries/rfsinit.o
 *fill*         0x0000000000117b3f        0x1 
 .rodata        0x0000000000117b40       0x2a binaries/rfsndmsg.o
 *fill*         0x0000000000117b6a        0x2 
 .rodata        0x0000000000117b6c       0x22 binaries/rfsopen.o
 *fill*         0x0000000000117b8e        0x2 
 .rodata        0x0000000000117b90       0x3a binaries/arp.o
 *fill*         0x0000000000117bca        0x2 
 .rodata        0x0000000000117bcc       0xcf binaries/dhcp.o
 .rodata        0x0000000000117c9b       0x1a binaries/dns.o
 *fill*         0x0000000000117cb5        0x3 
 .rodata        0x0000000000117cb8       0xc9 binaries/hexdump.o
 *fill*         0x0000000000117d81        0x3 
 .rodata        0x0000000000117d84       0x29 binaries/icmp.o
 *fill*         0x0000000000117dad        0x3 
 .rodata        0x0000000000117db0       0x6e binaries/ip.o
 *fill*         0x0000000000117e1e        0x2 
 .rodata        0x0000000000117e20       0x4f binaries/net.o
 *fill*         0x0000000000117e6f        0x1 
 .rodata        0x0000000000117e70      0x26f binaries/pdump.o
 *fill*         0x00000000001180df        0x1 
 .rodata        0x00000000001180e0      0x154 binaries/tftp.o
 *fill*         0x0000000000118234        0xc 
 .rodata        0x0000000000118240      0x3ed binaries/shell.o
                0x00000000001182e0                cmdtab
 .rodata        0x000000000011862d       0x28 binaries/xsh_argecho.o
 *fill*         0x0000000000118655        0x3 
 .rodata        0x0000000000118658      0x123 binaries/xsh_arp.o
 *fill*         0x000000000011877b        0x1 
 .rodata        0x000000000011877c       0xc9 binaries/xsh_cat.o
 .rodata        0x0000000000118845       0x19 binaries/xsh_clear.o
 *fill*         0x000000000011885e        0x2 
 .rodata        0x0000000000118860      0x1c3 binaries/xsh_date.o
 .rodata        0x0000000000118a23       0x5d binaries/xsh_devdump.o
 .rodata        0x0000000000118a80        0x9 binaries/xsh_echo.o
 *fill*         0x0000000000118a89        0x3 
 .rodata        0x0000000000118a8c      0x169 binaries/xsh_help.o
 *fill*         0x0000000000118bf5        0x3 
 .rodata        0x0000000000118bf8      0x12e binaries/xsh_kill.o
 *fill*         0x0000000000118d26        0x2 
 .rodata        0x0000000000118d28      0x266 binaries/xsh_memdump.o
 *fill*         0x0000000000118f8e        0x2 
 .rodata        0x0000000000118f90      0x225 binaries/xsh_memstat.o
 *fill*         0x00000000001191b5        0x3 
 .rodata        0x00000000001191b8      0x1b0 binaries/xsh_netinfo.o
 .rodata        0x0000000000119368      0x1a1 binaries/xsh_ping.o
 *fill*         0x0000000000119509       0x17 
 .rodata        0x0000000000119520      0x1e0 binaries/xsh_ps.o
 .rodata        0x0000000000119700       0xeb binaries/xsh_sleep.o
 .rodata        0x00000000001197eb       0x35 binaries/xsh_todo.o
 .rodata        0x0000000000119820      0x1b8 binaries/xsh_udpdump.o
 .rodata        0x00000000001199d8      0x215 binaries/xsh_udpecho.o
 *fill*         0x0000000000119bed        0x3 
 .rodata        0x0000000000119bf0      0x12b binaries/xsh_udpserver.o
 *fill*         0x0000000000119d1b        0x1 
 .rodata        0x0000000000119d1c      0x105 binaries/xsh_uptime.o
                0x0000000000119e21                etext = ABSOLUTE (.)
                0x000000000011a000                . = ALIGN (0x1000)
 *fill*         0x0000000000119e21      0x1df 

.eh_frame       0x000000000011a000     0x2c48
 .eh_frame      0x000000000011a000       0x38 binaries/ascdate.o
 .eh_frame      0x000000000011a038       0x20 binaries/bufinit.o
                                         0x38 (size before relaxing)
 .eh_frame      0x000000000011a058       0x20 binaries/chprio.o
                                         0x38 (size before relaxing)
 .eh_frame      0x000000000011a078       0x20 binaries/clkhandler.o
                                         0x38 (size before relaxing)
 .eh_frame      0x000000000011a098       0x20 binaries/clkinit.o
                                         0x38 (size before relaxing)
 .eh_frame      0x000000000011a0b8       0x20 binaries/close.o
                                         0x38 (size before relaxing)
 .eh_frame      0x000000000011a0d8       0x20 binaries/control.o
                                         0x38 (size before relaxing)
 .eh_frame      0x000000000011a0f8       0x40 binaries/create.o
                                         0x58 (size before relaxing)
 .eh_frame      0x000000000011a138       0x60 binaries/evec.o
                                         0x78 (size before relaxing)
 .eh_frame      0x000000000011a198       0x20 binaries/exit.o
                                         0x38 (size before relaxing)
 .eh_frame      0x000000000011a1b8       0x20 binaries/freebuf.o
                                         0x38 (size before relaxing)
 .eh_frame      0x000000000011a1d8       0x20 binaries/freemem.o
                                         0x38 (size before relaxing)
 .eh_frame      0x000000000011a1f8       0x20 binaries/getbuf.o
                                         0x38 (size before relaxing)
 .eh_frame      0x000000000011a218       0x20 binaries/getc.o
                                         0x38 (size before relaxing)
 .eh_frame      0x000000000011a238       0x20 binaries/getdev.o
                                         0x38 (size before relaxing)
 .eh_frame      0x000000000011a258       0x60 binaries/getitem.o
                                         0x78 (size before relaxing)
 .eh_frame      0x000000000011a2b8       0x20 binaries/getmem.o
                                         0x38 (size before relaxing)
 .eh_frame      0x000000000011a2d8       0x20 binaries/getpid.o
                                         0x38 (size before relaxing)
 .eh_frame      0x000000000011a2f8       0x20 binaries/getprio.o
                                         0x38 (size before relaxing)
 .eh_frame      0x000000000011a318       0x20 binaries/getstk.o
                                         0x38 (size before relaxing)
 .eh_frame      0x000000000011a338       0x20 binaries/getticks.o
                                         0x38 (size before relaxing)
 .eh_frame      0x000000000011a358       0x20 binaries/gettime.o
                                         0x38 (size before relaxing)
 .eh_frame      0x000000000011a378       0x20 binaries/getutime.o
                                         0x38 (size before relaxing)
 .eh_frame      0x000000000011a398       0x8c binaries/i386.o
                                         0xa4 (size before relaxing)
 .eh_frame      0x000000000011a424       0x20 binaries/init.o
                                         0x38 (size before relaxing)
 .eh_frame      0x000000000011a444       0xa0 binaries/initialize.o
                                         0xb8 (size before relaxing)
 .eh_frame      0x000000000011a4e4       0x20 binaries/insert.o
                                         0x38 (size before relaxing)
 .eh_frame      0x000000000011a504       0x20 binaries/insertd.o
                                         0x38 (size before relaxing)
 .eh_frame      0x000000000011a524       0x20 binaries/ioerr.o
                                         0x38 (size before relaxing)
 .eh_frame      0x000000000011a544       0x20 binaries/ionull.o
                                         0x38 (size before relaxing)
 .eh_frame      0x000000000011a564       0x20 binaries/kill.o
                                         0x38 (size before relaxing)
 .eh_frame      0x000000000011a584       0x60 binaries/kprintf.o
                                         0x78 (size before relaxing)
 .eh_frame      0x000000000011a5e4       0x24 binaries/main.o
                                         0x3c (size before relaxing)
 .eh_frame      0x000000000011a608       0x40 binaries/mark.o
                                         0x58 (size before relaxing)
 .eh_frame      0x000000000011a648       0x20 binaries/meminit.o
                                         0x38 (size before relaxing)
 .eh_frame      0x000000000011a668       0x20 binaries/mkbufpool.o
                                         0x38 (size before relaxing)
 .eh_frame      0x000000000011a688       0x20 binaries/newqueue.o
                                         0x38 (size before relaxing)
 .eh_frame      0x000000000011a6a8       0x20 binaries/open.o
                                         0x38 (size before relaxing)
 .eh_frame      0x000000000011a6c8       0x1c binaries/panic.o
                                         0x34 (size before relaxing)
 .eh_frame      0x000000000011a6e4      0x1c8 binaries/pci.o
                                        0x1e0 (size before relaxing)
 .eh_frame      0x000000000011a8ac       0x20 binaries/ptclear.o
                                         0x38 (size before relaxing)
 .eh_frame      0x000000000011a8cc       0x20 binaries/ptcount.o
                                         0x38 (size before relaxing)
 .eh_frame      0x000000000011a8ec       0x20 binaries/ptcreate.o
                                         0x38 (size before relaxing)
 .eh_frame      0x000000000011a90c       0x20 binaries/ptdelete.o
                                         0x38 (size before relaxing)
 .eh_frame      0x000000000011a92c       0x20 binaries/ptinit.o
                                         0x38 (size before relaxing)
 .eh_frame      0x000000000011a94c       0x20 binaries/ptrecv.o
                                         0x38 (size before relaxing)
 .eh_frame      0x000000000011a96c       0x20 binaries/ptreset.o
                                         0x38 (size before relaxing)
 .eh_frame      0x000000000011a98c       0x20 binaries/ptsend.o
                                         0x38 (size before relaxing)
 .eh_frame      0x000000000011a9ac       0x20 binaries/putc.o
                                         0x38 (size before relaxing)
 .eh_frame      0x000000000011a9cc       0x40 binaries/queue.o
                                         0x58 (size before relaxing)
 .eh_frame      0x000000000011aa0c       0x20 binaries/read.o
                                         0x38 (size before relaxing)
 .eh_frame      0x000000000011aa2c       0x24 binaries/ready.o
                                         0x3c (size before relaxing)
 .eh_frame      0x000000000011aa50       0x20 binaries/receive.o
                                         0x38 (size before relaxing)
 .eh_frame      0x000000000011aa70       0x20 binaries/recvclr.o
                                         0x38 (size before relaxing)
 .eh_frame      0x000000000011aa90       0x20 binaries/recvtime.o
                                         0x38 (size before relaxing)
 .eh_frame      0x000000000011aab0       0x40 binaries/resched.o
                                         0x58 (size before relaxing)
 .eh_frame      0x000000000011aaf0       0x20 binaries/resume.o
                                         0x38 (size before relaxing)
 .eh_frame      0x000000000011ab10       0x20 binaries/seek.o
                                         0x38 (size before relaxing)
 .eh_frame      0x000000000011ab30       0x20 binaries/semcount.o
                                         0x38 (size before relaxing)
 .eh_frame      0x000000000011ab50       0x40 binaries/semcreate.o
                                         0x58 (size before relaxing)
 .eh_frame      0x000000000011ab90       0x20 binaries/semdelete.o
                                         0x38 (size before relaxing)
 .eh_frame      0x000000000011abb0       0x20 binaries/semreset.o
                                         0x38 (size before relaxing)
 .eh_frame      0x000000000011abd0       0x20 binaries/send.o
                                         0x38 (size before relaxing)
 .eh_frame      0x000000000011abf0       0x20 binaries/signal.o
                                         0x38 (size before relaxing)
 .eh_frame      0x000000000011ac10       0x20 binaries/signaln.o
                                         0x38 (size before relaxing)
 .eh_frame      0x000000000011ac30       0x40 binaries/sleep.o
                                         0x58 (size before relaxing)
 .eh_frame      0x000000000011ac70       0x20 binaries/stacktrace.o
                                         0x38 (size before relaxing)
 .eh_frame      0x000000000011ac90       0x20 binaries/suspend.o
                                         0x38 (size before relaxing)
 .eh_frame      0x000000000011acb0       0x20 binaries/unsleep.o
                                         0x38 (size before relaxing)
 .eh_frame      0x000000000011acd0       0x20 binaries/userret.o
                                         0x38 (size before relaxing)
 .eh_frame      0x000000000011acf0       0x20 binaries/wait.o
                                         0x38 (size before relaxing)
 .eh_frame      0x000000000011ad10       0x20 binaries/wakeup.o
                                         0x38 (size before relaxing)
 .eh_frame      0x000000000011ad30       0x20 binaries/write.o
                                         0x38 (size before relaxing)
 .eh_frame      0x000000000011ad50       0x20 binaries/xdone.o
                                         0x38 (size before relaxing)
 .eh_frame      0x000000000011ad70       0x20 binaries/yield.o
                                         0x38 (size before relaxing)
 .eh_frame      0x000000000011ad90       0x20 binaries/abs.o
                                         0x38 (size before relaxing)
 .eh_frame      0x000000000011adb0       0x20 binaries/atoi.o
                                         0x38 (size before relaxing)
 .eh_frame      0x000000000011add0       0x20 binaries/atol.o
                                         0x38 (size before relaxing)
 .eh_frame      0x000000000011adf0       0x20 binaries/bzero.o
                                         0x38 (size before relaxing)
 .eh_frame      0x000000000011ae10       0xe0 binaries/doprnt.o
                                         0xf8 (size before relaxing)
 .eh_frame      0x000000000011aef0       0xb0 binaries/doscan.o
                                         0xc8 (size before relaxing)
 .eh_frame      0x000000000011afa0       0xc0 binaries/fdoprnt.o
                                         0xd8 (size before relaxing)
 .eh_frame      0x000000000011b060       0x20 binaries/fgetc.o
                                         0x38 (size before relaxing)
 .eh_frame      0x000000000011b080       0x20 binaries/fgets.o
                                         0x38 (size before relaxing)
 .eh_frame      0x000000000011b0a0       0x20 binaries/fprintf.o
                                         0x38 (size before relaxing)
 .eh_frame      0x000000000011b0c0       0x20 binaries/fputc.o
                                         0x38 (size before relaxing)
 .eh_frame      0x000000000011b0e0       0x20 binaries/fputs.o
                                         0x38 (size before relaxing)
 .eh_frame      0x000000000011b100       0x60 binaries/fscanf.o
                                         0x78 (size before relaxing)
 .eh_frame      0x000000000011b160       0x20 binaries/getchar.o
                                         0x38 (size before relaxing)
 .eh_frame      0x000000000011b180       0x20 binaries/labs.o
                                         0x38 (size before relaxing)
 .eh_frame      0x000000000011b1a0       0x20 binaries/memcmp.o
                                         0x38 (size before relaxing)
 .eh_frame      0x000000000011b1c0       0x24 binaries/memcpy.o
                                         0x3c (size before relaxing)
 .eh_frame      0x000000000011b1e4       0x24 binaries/memset.o
                                         0x3c (size before relaxing)
 .eh_frame      0x000000000011b208       0x20 binaries/printf.o
                                         0x38 (size before relaxing)
 .eh_frame      0x000000000011b228       0x20 binaries/putchar.o
                                         0x38 (size before relaxing)
 .eh_frame      0x000000000011b248       0xa8 binaries/qsort.o
                                         0xc0 (size before relaxing)
 .eh_frame      0x000000000011b2f0       0x60 binaries/rand.o
                                         0x78 (size before relaxing)
 .eh_frame      0x000000000011b350       0x40 binaries/sprintf.o
                                         0x58 (size before relaxing)
 .eh_frame      0x000000000011b390       0x60 binaries/sscanf.o
                                         0x78 (size before relaxing)
 .eh_frame      0x000000000011b3f0       0x20 binaries/strchr.o
                                         0x38 (size before relaxing)
 .eh_frame      0x000000000011b410       0x20 binaries/strcmp.o
                                         0x38 (size before relaxing)
 .eh_frame      0x000000000011b430       0x20 binaries/strcpy.o
                                         0x38 (size before relaxing)
 .eh_frame      0x000000000011b450       0x20 binaries/strlen.o
                                         0x38 (size before relaxing)
 .eh_frame      0x000000000011b470       0x20 binaries/strncat.o
                                         0x38 (size before relaxing)
 .eh_frame      0x000000000011b490       0x20 binaries/strncmp.o
                                         0x38 (size before relaxing)
 .eh_frame      0x000000000011b4b0       0x28 binaries/strncpy.o
                                         0x40 (size before relaxing)
 .eh_frame      0x000000000011b4d8       0x20 binaries/strnlen.o
                                         0x38 (size before relaxing)
 .eh_frame      0x000000000011b4f8       0x20 binaries/strrchr.o
                                         0x38 (size before relaxing)
 .eh_frame      0x000000000011b518       0x20 binaries/strstr.o
                                         0x38 (size before relaxing)
 .eh_frame      0x000000000011b538       0x20 binaries/ttycontrol.o
                                         0x38 (size before relaxing)
 .eh_frame      0x000000000011b558       0x20 binaries/ttygetc.o
                                         0x38 (size before relaxing)
 .eh_frame      0x000000000011b578       0x80 binaries/ttyhandle_in.o
                                         0x98 (size before relaxing)
 .eh_frame      0x000000000011b5f8       0x20 binaries/ttyhandle_out.o
                                         0x38 (size before relaxing)
 .eh_frame      0x000000000011b618       0x20 binaries/ttyhandler.o
                                         0x38 (size before relaxing)
 .eh_frame      0x000000000011b638       0x20 binaries/ttyinit.o
                                         0x38 (size before relaxing)
 .eh_frame      0x000000000011b658       0x20 binaries/ttykickout.o
                                         0x38 (size before relaxing)
 .eh_frame      0x000000000011b678       0x20 binaries/ttyputc.o
                                         0x38 (size before relaxing)
 .eh_frame      0x000000000011b698       0x24 binaries/ttyread.o
                                         0x3c (size before relaxing)
 .eh_frame      0x000000000011b6bc       0x20 binaries/ttywrite.o
                                         0x38 (size before relaxing)
 .eh_frame      0x000000000011b6dc       0x40 binaries/mount.o
                                         0x58 (size before relaxing)
 .eh_frame      0x000000000011b71c       0x20 binaries/naminit.o
                                         0x38 (size before relaxing)
 .eh_frame      0x000000000011b73c       0x60 binaries/nammap.o
                                         0x78 (size before relaxing)
 .eh_frame      0x000000000011b79c       0x20 binaries/namopen.o
                                         0x38 (size before relaxing)
 .eh_frame      0x000000000011b7bc      0x150 binaries/82545EMInit.o
                                        0x168 (size before relaxing)
 .eh_frame      0x000000000011b90c       0xa0 binaries/ethcontrol.o
                                         0xb8 (size before relaxing)
 .eh_frame      0x000000000011b9ac       0x80 binaries/ethhandler.o
                                         0x98 (size before relaxing)
 .eh_frame      0x000000000011ba2c       0x20 binaries/ethinit.o
                                         0x38 (size before relaxing)
 .eh_frame      0x000000000011ba4c       0x60 binaries/ethread.o
                                         0x78 (size before relaxing)
 .eh_frame      0x000000000011baac       0x60 binaries/ethwrite.o
                                         0x78 (size before relaxing)
 .eh_frame      0x000000000011bb0c       0x20 binaries/rdsbufalloc.o
                                         0x38 (size before relaxing)
 .eh_frame      0x000000000011bb2c       0x20 binaries/rdsclose.o
                                         0x38 (size before relaxing)
 .eh_frame      0x000000000011bb4c       0x20 binaries/rdscomm.o
                                         0x38 (size before relaxing)
 .eh_frame      0x000000000011bb6c       0x20 binaries/rdscontrol.o
                                         0x38 (size before relaxing)
 .eh_frame      0x000000000011bb8c       0x20 binaries/rdsinit.o
                                         0x38 (size before relaxing)
 .eh_frame      0x000000000011bbac       0x20 binaries/rdsopen.o
                                         0x38 (size before relaxing)
 .eh_frame      0x000000000011bbcc       0x1c binaries/rdsprocess.o
                                         0x34 (size before relaxing)
 .eh_frame      0x000000000011bbe8       0x20 binaries/rdsread.o
                                         0x38 (size before relaxing)
 .eh_frame      0x000000000011bc08       0x20 binaries/rdswrite.o
                                         0x38 (size before relaxing)
 .eh_frame      0x000000000011bc28       0x20 binaries/ramclose.o
                                         0x38 (size before relaxing)
 .eh_frame      0x000000000011bc48       0x20 binaries/raminit.o
                                         0x38 (size before relaxing)
 .eh_frame      0x000000000011bc68       0x20 binaries/ramopen.o
                                         0x38 (size before relaxing)
 .eh_frame      0x000000000011bc88       0x20 binaries/ramread.o
                                         0x38 (size before relaxing)
 .eh_frame      0x000000000011bca8       0x20 binaries/ramwrite.o
                                         0x38 (size before relaxing)
 .eh_frame      0x000000000011bcc8       0x20 binaries/lfdballoc.o
                                         0x38 (size before relaxing)
 .eh_frame      0x000000000011bce8       0x20 binaries/lfdbfree.o
                                         0x38 (size before relaxing)
 .eh_frame      0x000000000011bd08       0x20 binaries/lfflush.o
                                         0x38 (size before relaxing)
 .eh_frame      0x000000000011bd28       0x20 binaries/lfgetmode.o
                                         0x38 (size before relaxing)
 .eh_frame      0x000000000011bd48       0x20 binaries/lfiballoc.o
                                         0x38 (size before relaxing)
 .eh_frame      0x000000000011bd68       0x20 binaries/lfibclear.o
                                         0x38 (size before relaxing)
 .eh_frame      0x000000000011bd88       0x20 binaries/lfibget.o
                                         0x38 (size before relaxing)
 .eh_frame      0x000000000011bda8       0x20 binaries/lfibput.o
                                         0x38 (size before relaxing)
 .eh_frame      0x000000000011bdc8       0x20 binaries/lflclose.o
                                         0x38 (size before relaxing)
 .eh_frame      0x000000000011bde8       0x20 binaries/lflcontrol.o
                                         0x38 (size before relaxing)
 .eh_frame      0x000000000011be08       0x20 binaries/lflgetc.o
                                         0x38 (size before relaxing)
 .eh_frame      0x000000000011be28       0x20 binaries/lflinit.o
                                         0x38 (size before relaxing)
 .eh_frame      0x000000000011be48       0x20 binaries/lflputc.o
                                         0x38 (size before relaxing)
 .eh_frame      0x000000000011be68       0x20 binaries/lflread.o
                                         0x38 (size before relaxing)
 .eh_frame      0x000000000011be88       0x20 binaries/lflseek.o
                                         0x38 (size before relaxing)
 .eh_frame      0x000000000011bea8       0x20 binaries/lflwrite.o
                                         0x38 (size before relaxing)
 .eh_frame      0x000000000011bec8       0x20 binaries/lfscheck.o
                                         0x38 (size before relaxing)
 .eh_frame      0x000000000011bee8       0x20 binaries/lfsckfmt.o
                                         0x38 (size before relaxing)
 .eh_frame      0x000000000011bf08       0x20 binaries/lfscreate.o
                                         0x38 (size before relaxing)
 .eh_frame      0x000000000011bf28       0x20 binaries/lfsetup.o
                                         0x38 (size before relaxing)
 .eh_frame      0x000000000011bf48       0x20 binaries/lfsinit.o
                                         0x38 (size before relaxing)
 .eh_frame      0x000000000011bf68       0x20 binaries/lfsopen.o
                                         0x38 (size before relaxing)
 .eh_frame      0x000000000011bf88       0x20 binaries/lftruncate.o
                                         0x38 (size before relaxing)
 .eh_frame      0x000000000011bfa8       0x20 binaries/rflclose.o
                                         0x38 (size before relaxing)
 .eh_frame      0x000000000011bfc8       0x20 binaries/rflgetc.o
                                         0x38 (size before relaxing)
 .eh_frame      0x000000000011bfe8       0x20 binaries/rflinit.o
                                         0x38 (size before relaxing)
 .eh_frame      0x000000000011c008       0x20 binaries/rflputc.o
                                         0x38 (size before relaxing)
 .eh_frame      0x000000000011c028       0x20 binaries/rflread.o
                                         0x38 (size before relaxing)
 .eh_frame      0x000000000011c048       0x20 binaries/rflseek.o
                                         0x38 (size before relaxing)
 .eh_frame      0x000000000011c068       0x20 binaries/rflwrite.o
                                         0x38 (size before relaxing)
 .eh_frame      0x000000000011c088       0x20 binaries/rfscomm.o
                                         0x38 (size before relaxing)
 .eh_frame      0x000000000011c0a8       0x20 binaries/rfscontrol.o
                                         0x38 (size before relaxing)
 .eh_frame      0x000000000011c0c8       0x20 binaries/rfsgetmode.o
                                         0x38 (size before relaxing)
 .eh_frame      0x000000000011c0e8       0x20 binaries/rfsinit.o
                                         0x38 (size before relaxing)
 .eh_frame      0x000000000011c108       0x20 binaries/rfsndmsg.o
                                         0x38 (size before relaxing)
 .eh_frame      0x000000000011c128       0x20 binaries/rfsopen.o
                                         0x38 (size before relaxing)
 .eh_frame      0x000000000011c148       0xc0 binaries/arp.o
                                         0xd8 (size before relaxing)
 .eh_frame      0x000000000011c208       0xa0 binaries/dhcp.o
                                         0xb8 (size before relaxing)
 .eh_frame      0x000000000011c2a8       0x80 binaries/dns.o
                                         0x98 (size before relaxing)
 .eh_frame      0x000000000011c328       0x20 binaries/dot2ip.o
                                         0x38 (size before relaxing)
 .eh_frame      0x000000000011c348       0x40 binaries/hexdump.o
                                         0x58 (size before relaxing)
 .eh_frame      0x000000000011c388      0x14c binaries/icmp.o
                                        0x164 (size before relaxing)
 .eh_frame      0x000000000011c4d4      0x11c binaries/ip.o
                                        0x134 (size before relaxing)
 .eh_frame      0x000000000011c5f0       0xa0 binaries/net.o
                                         0xb8 (size before relaxing)
 .eh_frame      0x000000000011c690       0x60 binaries/pdump.o
                                         0x78 (size before relaxing)
 .eh_frame      0x000000000011c6f0       0x60 binaries/tftp.o
                                         0x78 (size before relaxing)
 .eh_frame      0x000000000011c750      0x140 binaries/udp.o
                                        0x158 (size before relaxing)
 .eh_frame      0x000000000011c890       0x20 binaries/addargs.o
                                         0x38 (size before relaxing)
 .eh_frame      0x000000000011c8b0       0x20 binaries/lexan.o
                                         0x38 (size before relaxing)
 .eh_frame      0x000000000011c8d0       0x20 binaries/shell.o
                                         0x38 (size before relaxing)
 .eh_frame      0x000000000011c8f0       0x20 binaries/xsh_argecho.o
                                         0x38 (size before relaxing)
 .eh_frame      0x000000000011c910       0x40 binaries/xsh_arp.o
                                         0x58 (size before relaxing)
 .eh_frame      0x000000000011c950       0x20 binaries/xsh_cat.o
                                         0x38 (size before relaxing)
 .eh_frame      0x000000000011c970       0x20 binaries/xsh_clear.o
                                         0x38 (size before relaxing)
 .eh_frame      0x000000000011c990       0x20 binaries/xsh_date.o
                                         0x38 (size before relaxing)
 .eh_frame      0x000000000011c9b0       0x20 binaries/xsh_devdump.o
                                         0x38 (size before relaxing)
 .eh_frame      0x000000000011c9d0       0x20 binaries/xsh_echo.o
                                         0x38 (size before relaxing)
 .eh_frame      0x000000000011c9f0       0x20 binaries/xsh_exit.o
                                         0x38 (size before relaxing)
 .eh_frame      0x000000000011ca10       0x20 binaries/xsh_help.o
                                         0x38 (size before relaxing)
 .eh_frame      0x000000000011ca30       0x20 binaries/xsh_kill.o
                                         0x38 (size before relaxing)
 .eh_frame      0x000000000011ca50       0x40 binaries/xsh_memdump.o
                                         0x58 (size before relaxing)
 .eh_frame      0x000000000011ca90       0x60 binaries/xsh_memstat.o
                                         0x78 (size before relaxing)
 .eh_frame      0x000000000011caf0       0x30 binaries/xsh_netinfo.o
                                         0x48 (size before relaxing)
 .eh_frame      0x000000000011cb20       0x24 binaries/xsh_ping.o
                                         0x3c (size before relaxing)
 .eh_frame      0x000000000011cb44       0x30 binaries/xsh_ps.o
                                         0x48 (size before relaxing)
 .eh_frame      0x000000000011cb74       0x20 binaries/xsh_sleep.o
                                         0x38 (size before relaxing)
 .eh_frame      0x000000000011cb94       0x20 binaries/xsh_todo.o
                                         0x38 (size before relaxing)
 .eh_frame      0x000000000011cbb4       0x20 binaries/xsh_udpdump.o
                                         0x38 (size before relaxing)
 .eh_frame      0x000000000011cbd4       0x30 binaries/xsh_udpecho.o
                                         0x48 (size before relaxing)
 .eh_frame      0x000000000011cc04       0x24 binaries/xsh_udpserver.o
                                         0x3c (size before relaxing)
 .eh_frame      0x000000000011cc28       0x20 binaries/xsh_uptime.o
                                         0x38 (size before relaxing)

.iplt           0x000000000011cc50        0x0
 .iplt          0x000000000011cc50        0x0 binaries/start.o

.rel.dyn        0x000000000011cc48        0x0
 .rel.iplt      0x000000000011cc48        0x0 binaries/start.o
 .rel.text      0x000000000011cc48        0x0 binaries/start.o
 .rel.data      0x000000000011cc48        0x0 binaries/start.o
 .rel.rodata    0x000000000011cc48        0x0 binaries/start.o

.data           0x000000000011cc60     0x13a0
                0x000000000011cc60                data = ABSOLUTE (.)
 *(.data .data.*)
 .data          0x000000000011cc60      0x460 binaries/start.o
                0x000000000011cc60                gdt
                0x000000000011cca0                gdtr
                0x000000000011cca6                idt
                0x000000000011d0a6                idtr
                0x000000000011d0ac                cpudelay
                0x000000000011d0b0                _bootdev
                0x000000000011d0b4                _cyloffset
 .data          0x000000000011d0c0       0x88 binaries/ascdate.o
                0x000000000011d0c0                Date
 .data          0x000000000011d148        0x0 binaries/bufinit.o
 .data          0x000000000011d148        0x0 binaries/chprio.o
 .data          0x000000000011d148        0x4 binaries/clkhandler.o
 .data          0x000000000011d14c        0x0 binaries/clkinit.o
 .data          0x000000000011d14c        0x0 binaries/close.o
 *fill*         0x000000000011d14c       0x14 
 .data          0x000000000011d160      0x5a0 binaries/conf.o
                0x000000000011d160                devtab
 .data          0x000000000011d700        0x0 binaries/control.o
 .data          0x000000000011d700        0x4 binaries/create.o
 *fill*         0x000000000011d704       0x1c 
 .data          0x000000000011d720       0x40 binaries/evec.o
                0x000000000011d720                inames
 .data          0x000000000011d760        0x0 binaries/exit.o
 .data          0x000000000011d760        0x0 binaries/freebuf.o
 .data          0x000000000011d760        0x0 binaries/freemem.o
 .data          0x000000000011d760        0x0 binaries/getbuf.o
 .data          0x000000000011d760        0x0 binaries/getc.o
 .data          0x000000000011d760        0x0 binaries/getdev.o
 .data          0x000000000011d760        0x0 binaries/getitem.o
 .data          0x000000000011d760        0x0 binaries/getmem.o
 .data          0x000000000011d760        0x0 binaries/getpid.o
 .data          0x000000000011d760        0x0 binaries/getprio.o
 .data          0x000000000011d760        0x0 binaries/getstk.o
 .data          0x000000000011d760        0x0 binaries/getticks.o
 .data          0x000000000011d760        0x0 binaries/gettime.o
 .data          0x000000000011d760        0x0 binaries/getutime.o
 .data          0x000000000011d760       0x40 binaries/i386.o
                0x000000000011d760                gdt_copy
 .data          0x000000000011d7a0        0x0 binaries/init.o
 .data          0x000000000011d7a0        0x0 binaries/initialize.o
 .data          0x000000000011d7a0        0x0 binaries/insert.o
 .data          0x000000000011d7a0        0x0 binaries/insertd.o
 .data          0x000000000011d7a0        0x0 binaries/ioerr.o
 .data          0x000000000011d7a0        0x0 binaries/ionull.o
 .data          0x000000000011d7a0        0x0 binaries/kill.o
 .data          0x000000000011d7a0        0x0 binaries/kprintf.o
 .data          0x000000000011d7a0        0x0 binaries/main.o
 .data          0x000000000011d7a0        0x0 binaries/mark.o
 .data          0x000000000011d7a0        0x0 binaries/meminit.o
 .data          0x000000000011d7a0        0x0 binaries/mkbufpool.o
 .data          0x000000000011d7a0        0x2 binaries/newqueue.o
 .data          0x000000000011d7a2        0x0 binaries/open.o
 .data          0x000000000011d7a2        0x0 binaries/panic.o
 *fill*         0x000000000011d7a2        0x2 
 .data          0x000000000011d7a4       0x10 binaries/pci.o
 .data          0x000000000011d7b4        0x0 binaries/ptclear.o
 .data          0x000000000011d7b4        0x0 binaries/ptcount.o
 .data          0x000000000011d7b4        0x0 binaries/ptcreate.o
 .data          0x000000000011d7b4        0x0 binaries/ptdelete.o
 .data          0x000000000011d7b4        0x0 binaries/ptinit.o
 .data          0x000000000011d7b4        0x0 binaries/ptrecv.o
 .data          0x000000000011d7b4        0x0 binaries/ptreset.o
 .data          0x000000000011d7b4        0x0 binaries/ptsend.o
 .data          0x000000000011d7b4        0x0 binaries/putc.o
 .data          0x000000000011d7b4        0x0 binaries/queue.o
 .data          0x000000000011d7b4        0x0 binaries/read.o
 .data          0x000000000011d7b4        0x0 binaries/ready.o
 .data          0x000000000011d7b4        0x0 binaries/receive.o
 .data          0x000000000011d7b4        0x0 binaries/recvclr.o
 .data          0x000000000011d7b4        0x0 binaries/recvtime.o
 .data          0x000000000011d7b4        0x0 binaries/resched.o
 .data          0x000000000011d7b4        0x0 binaries/resume.o
 .data          0x000000000011d7b4        0x0 binaries/seek.o
 .data          0x000000000011d7b4        0x0 binaries/semcount.o
 .data          0x000000000011d7b4        0x0 binaries/semcreate.o
[...]
 .comment       0x000000000000001d       0x1e binaries/dot2ip.o
 .comment       0x000000000000001d       0x1e binaries/hexdump.o
 .comment       0x000000000000001d       0x1e binaries/icmp.o
 .comment       0x000000000000001d       0x1e binaries/ip.o
 .comment       0x000000000000001d       0x1e binaries/net.o
 .comment       0x000000000000001d       0x1e binaries/pdump.o
 .comment       0x000000000000001d       0x1e binaries/tftp.o
 .comment       0x000000000000001d       0x1e binaries/udp.o
 .comment       0x000000000000001d       0x1e binaries/addargs.o
 .comment       0x000000000000001d       0x1e binaries/lexan.o
 .comment       0x000000000000001d       0x1e binaries/shell.o
 .comment       0x000000000000001d       0x1e binaries/xsh_argecho.o
 .comment       0x000000000000001d       0x1e binaries/xsh_arp.o
 .comment       0x000000000000001d       0x1e binaries/xsh_cat.o
 .comment       0x000000000000001d       0x1e binaries/xsh_clear.o
 .comment       0x000000000000001d       0x1e binaries/xsh_date.o
 .comment       0x000000000000001d       0x1e binaries/xsh_devdump.o
 .comment       0x000000000000001d       0x1e binaries/xsh_echo.o
 .comment       0x000000000000001d       0x1e binaries/xsh_exit.o
 .comment       0x000000000000001d       0x1e binaries/xsh_help.o
 .comment       0x000000000000001d       0x1e binaries/xsh_kill.o
 .comment       0x000000000000001d       0x1e binaries/xsh_memdump.o
 .comment       0x000000000000001d       0x1e binaries/xsh_memstat.o
 .comment       0x000000000000001d       0x1e binaries/xsh_netinfo.o
 .comment       0x000000000000001d       0x1e binaries/xsh_ping.o
 .comment       0x000000000000001d       0x1e binaries/xsh_ps.o
 .comment       0x000000000000001d       0x1e binaries/xsh_sleep.o
 .comment       0x000000000000001d       0x1e binaries/xsh_todo.o
 .comment       0x000000000000001d       0x1e binaries/xsh_udpdump.o
 .comment       0x000000000000001d       0x1e binaries/xsh_udpecho.o
 .comment       0x000000000000001d       0x1e binaries/xsh_udpserver.o
 .comment       0x000000000000001d       0x1e binaries/xsh_uptime.o

.note.GNU-stack
                0x0000000000000000        0x0
 .note.GNU-stack
                0x0000000000000000        0x0 binaries/ascdate.o
 .note.GNU-stack
                0x0000000000000000        0x0 binaries/bufinit.o
 .note.GNU-stack
                0x0000000000000000        0x0 binaries/chprio.o
 .note.GNU-stack
                0x0000000000000000        0x0 binaries/clkhandler.o
 .note.GNU-stack
                0x0000000000000000        0x0 binaries/clkinit.o
 .note.GNU-stack
                0x0000000000000000        0x0 binaries/close.o
 .note.GNU-stack
                0x0000000000000000        0x0 binaries/conf.o
 .note.GNU-stack
                0x0000000000000000        0x0 binaries/control.o
 .note.GNU-stack
                0x0000000000000000        0x0 binaries/create.o
 .note.GNU-stack
                0x0000000000000000        0x0 binaries/evec.o
 .note.GNU-stack
                0x0000000000000000        0x0 binaries/exit.o
 .note.GNU-stack
                0x0000000000000000        0x0 binaries/freebuf.o
 .note.GNU-stack
                0x0000000000000000        0x0 binaries/freemem.o
 .note.GNU-stack
                0x0000000000000000        0x0 binaries/getbuf.o
 .note.GNU-stack
                0x0000000000000000        0x0 binaries/getc.o
 .note.GNU-stack
                0x0000000000000000        0x0 binaries/getdev.o
 .note.GNU-stack
                0x0000000000000000        0x0 binaries/getitem.o
 .note.GNU-stack
                0x0000000000000000        0x0 binaries/getmem.o
 .note.GNU-stack
                0x0000000000000000        0x0 binaries/getpid.o
 .note.GNU-stack
                0x0000000000000000        0x0 binaries/getprio.o
 .note.GNU-stack
                0x0000000000000000        0x0 binaries/getstk.o
 .note.GNU-stack
                0x0000000000000000        0x0 binaries/getticks.o
 .note.GNU-stack
                0x0000000000000000        0x0 binaries/gettime.o
 .note.GNU-stack
                0x0000000000000000        0x0 binaries/getutime.o
 .note.GNU-stack
                0x0000000000000000        0x0 binaries/i386.o
 .note.GNU-stack
                0x0000000000000000        0x0 binaries/init.o
 .note.GNU-stack
                0x0000000000000000        0x0 binaries/initialize.o
 .note.GNU-stack
                0x0000000000000000        0x0 binaries/insert.o
 .note.GNU-stack
                0x0000000000000000        0x0 binaries/insertd.o
 .note.GNU-stack
                0x0000000000000000        0x0 binaries/ioerr.o
 .note.GNU-stack
                0x0000000000000000        0x0 binaries/ionull.o
 .note.GNU-stack
                0x0000000000000000        0x0 binaries/kill.o
 .note.GNU-stack
                0x0000000000000000        0x0 binaries/kprintf.o
 .note.GNU-stack
                0x0000000000000000        0x0 binaries/main.o
 .note.GNU-stack
                0x0000000000000000        0x0 binaries/mark.o
 .note.GNU-stack
                0x0000000000000000        0x0 binaries/meminit.o
 .note.GNU-stack
                0x0000000000000000        0x0 binaries/mkbufpool.o
 .note.GNU-stack
                0x0000000000000000        0x0 binaries/newqueue.o
 .note.GNU-stack
                0x0000000000000000        0x0 binaries/open.o
 .note.GNU-stack
                0x0000000000000000        0x0 binaries/panic.o
 .note.GNU-stack
                0x0000000000000000        0x0 binaries/pci.o
 .note.GNU-stack
                0x0000000000000000        0x0 binaries/ptclear.o
 .note.GNU-stack
                0x0000000000000000        0x0 binaries/ptcount.o
 .note.GNU-stack
                0x0000000000000000        0x0 binaries/ptcreate.o
 .note.GNU-stack
                0x0000000000000000        0x0 binaries/ptdelete.o
 .note.GNU-stack
                0x0000000000000000        0x0 binaries/ptinit.o
 .note.GNU-stack
                0x0000000000000000        0x0 binaries/ptrecv.o
 .note.GNU-stack
                0x0000000000000000        0x0 binaries/ptreset.o
 .note.GNU-stack
                0x0000000000000000        0x0 binaries/ptsend.o
 .note.GNU-stack
                0x0000000000000000        0x0 binaries/putc.o
 .note.GNU-stack
                0x0000000000000000        0x0 binaries/queue.o
 .note.GNU-stack
                0x0000000000000000        0x0 binaries/read.o
 .note.GNU-stack
                0x0000000000000000        0x0 binaries/ready.o
 .note.GNU-stack
                0x0000000000000000        0x0 binaries/receive.o
 .note.GNU-stack
                0x0000000000000000        0x0 binaries/recvclr.o
 .note.GNU-stack
                0x0000000000000000        0x0 binaries/recvtime.o
 .note.GNU-stack
                0x0000000000000000        0x0 binaries/resched.o
 .note.GNU-stack
                0x0000000000000000        0x0 binaries/resume.o
 .note.GNU-stack
                0x0000000000000000        0x0 binaries/seek.o
 .note.GNU-stack
                0x0000000000000000        0x0 binaries/semcount.o
 .note.GNU-stack
                0x0000000000000000        0x0 binaries/semcreate.o
 .note.GNU-stack
                0x0000000000000000        0x0 binaries/semdelete.o
 .note.GNU-stack
                0x0000000000000000        0x0 binaries/semreset.o
 .note.GNU-stack
                0x0000000000000000        0x0 binaries/send.o
 .note.GNU-stack
                0x0000000000000000        0x0 binaries/signal.o
 .note.GNU-stack
                0x0000000000000000        0x0 binaries/signaln.o
 .note.GNU-stack
                0x0000000000000000        0x0 binaries/sleep.o
 .note.GNU-stack
                0x0000000000000000        0x0 binaries/stacktrace.o
 .note.GNU-stack
                0x0000000000000000        0x0 binaries/suspend.o
 .note.GNU-stack
                0x0000000000000000        0x0 binaries/unsleep.o
 .note.GNU-stack
                0x0000000000000000        0x0 binaries/userret.o
 .note.GNU-stack
                0x0000000000000000        0x0 binaries/wait.o
 .note.GNU-stack
                0x0000000000000000        0x0 binaries/wakeup.o
 .note.GNU-stack
                0x0000000000000000        0x0 binaries/write.o
 .note.GNU-stack
                0x0000000000000000        0x0 binaries/xdone.o
 .note.GNU-stack
                0x0000000000000000        0x0 binaries/yield.o
 .note.GNU-stack
                0x0000000000000000        0x0 binaries/abs.o
 .note.GNU-stack
                0x0000000000000000        0x0 binaries/atoi.o
 .note.GNU-stack
                0x0000000000000000        0x0 binaries/atol.o
 .note.GNU-stack
                0x0000000000000000        0x0 binaries/bzero.o
 .note.GNU-stack
                0x0000000000000000        0x0 binaries/ctype_.o
 .note.GNU-stack
                0x0000000000000000        0x0 binaries/doprnt.o
 .note.GNU-stack
                0x0000000000000000        0x0 binaries/doscan.o
 .note.GNU-stack
                0x0000000000000000        0x0 binaries/fdoprnt.o
 .note.GNU-stack
                0x0000000000000000        0x0 binaries/fgetc.o
 .note.GNU-stack
                0x0000000000000000        0x0 binaries/fgets.o
 .note.GNU-stack
                0x0000000000000000        0x0 binaries/fprintf.o
 .note.GNU-stack
                0x0000000000000000        0x0 binaries/fputc.o
 .note.GNU-stack
                0x0000000000000000        0x0 binaries/fputs.o
 .note.GNU-stack
                0x0000000000000000        0x0 binaries/fscanf.o
 .note.GNU-stack
                0x0000000000000000        0x0 binaries/getchar.o
 .note.GNU-stack
                0x0000000000000000        0x0 binaries/labs.o
 .note.GNU-stack
                0x0000000000000000        0x0 binaries/memchr.o
 .note.GNU-stack
                0x0000000000000000        0x0 binaries/memcmp.o
 .note.GNU-stack
                0x0000000000000000        0x0 binaries/memcpy.o
 .note.GNU-stack
                0x0000000000000000        0x0 binaries/memset.o
 .note.GNU-stack
                0x0000000000000000        0x0 binaries/printf.o
 .note.GNU-stack
                0x0000000000000000        0x0 binaries/putchar.o
 .note.GNU-stack
                0x0000000000000000        0x0 binaries/qsort.o
 .note.GNU-stack
                0x0000000000000000        0x0 binaries/rand.o
 .note.GNU-stack
                0x0000000000000000        0x0 binaries/sprintf.o
 .note.GNU-stack
                0x0000000000000000        0x0 binaries/sscanf.o
 .note.GNU-stack
                0x0000000000000000        0x0 binaries/strchr.o
 .note.GNU-stack
                0x0000000000000000        0x0 binaries/strcmp.o
 .note.GNU-stack
                0x0000000000000000        0x0 binaries/strcpy.o
 .note.GNU-stack
                0x0000000000000000        0x0 binaries/strlen.o
 .note.GNU-stack
                0x0000000000000000        0x0 binaries/strncat.o
 .note.GNU-stack
                0x0000000000000000        0x0 binaries/strncmp.o
 .note.GNU-stack
                0x0000000000000000        0x0 binaries/strncpy.o
 .note.GNU-stack
                0x0000000000000000        0x0 binaries/strnlen.o
 .note.GNU-stack
                0x0000000000000000        0x0 binaries/strrchr.o
 .note.GNU-stack
                0x0000000000000000        0x0 binaries/strstr.o
 .note.GNU-stack
                0x0000000000000000        0x0 binaries/ttycontrol.o
 .note.GNU-stack
                0x0000000000000000        0x0 binaries/ttygetc.o
 .note.GNU-stack
                0x0000000000000000        0x0 binaries/ttyhandle_in.o
 .note.GNU-stack
                0x0000000000000000        0x0 binaries/ttyhandle_out.o
 .note.GNU-stack
                0x0000000000000000        0x0 binaries/ttyhandler.o
 .note.GNU-stack
                0x0000000000000000        0x0 binaries/ttyinit.o
 .note.GNU-stack
                0x0000000000000000        0x0 binaries/ttykickout.o
 .note.GNU-stack
                0x0000000000000000        0x0 binaries/ttyputc.o
 .note.GNU-stack
                0x0000000000000000        0x0 binaries/ttyread.o
 .note.GNU-stack
                0x0000000000000000        0x0 binaries/ttywrite.o
 .note.GNU-stack
                0x0000000000000000        0x0 binaries/mount.o
 .note.GNU-stack
                0x0000000000000000        0x0 binaries/naminit.o
 .note.GNU-stack
                0x0000000000000000        0x0 binaries/nammap.o
 .note.GNU-stack
                0x0000000000000000        0x0 binaries/namopen.o
 .note.GNU-stack
                0x0000000000000000        0x0 binaries/82545EMInit.o
 .note.GNU-stack
                0x0000000000000000        0x0 binaries/ethcontrol.o
 .note.GNU-stack
                0x0000000000000000        0x0 binaries/ethhandler.o
 .note.GNU-stack
                0x0000000000000000        0x0 binaries/ethinit.o
 .note.GNU-stack
                0x0000000000000000        0x0 binaries/ethread.o
 .note.GNU-stack
                0x0000000000000000        0x0 binaries/ethwrite.o
 .note.GNU-stack
                0x0000000000000000        0x0 binaries/rdsbufalloc.o
 .note.GNU-stack
                0x0000000000000000        0x0 binaries/rdsclose.o
 .note.GNU-stack
                0x0000000000000000        0x0 binaries/rdscomm.o
 .note.GNU-stack
                0x0000000000000000        0x0 binaries/rdscontrol.o
 .note.GNU-stack
                0x0000000000000000        0x0 binaries/rdsinit.o
 .note.GNU-stack
                0x0000000000000000        0x0 binaries/rdsopen.o
 .note.GNU-stack
                0x0000000000000000        0x0 binaries/rdsprocess.o
 .note.GNU-stack
                0x0000000000000000        0x0 binaries/rdsread.o
 .note.GNU-stack
                0x0000000000000000        0x0 binaries/rdswrite.o
 .note.GNU-stack
                0x0000000000000000        0x0 binaries/ramclose.o
 .note.GNU-stack
                0x0000000000000000        0x0 binaries/raminit.o
 .note.GNU-stack
                0x0000000000000000        0x0 binaries/ramopen.o
 .note.GNU-stack
                0x0000000000000000        0x0 binaries/ramread.o
 .note.GNU-stack
                0x0000000000000000        0x0 binaries/ramwrite.o
 .note.GNU-stack
                0x0000000000000000        0x0 binaries/lfdballoc.o
 .note.GNU-stack
                0x0000000000000000        0x0 binaries/lfdbfree.o
 .note.GNU-stack
                0x0000000000000000        0x0 binaries/lfflush.o
 .note.GNU-stack
                0x0000000000000000        0x0 binaries/lfgetmode.o
 .note.GNU-stack
                0x0000000000000000        0x0 binaries/lfiballoc.o
 .note.GNU-stack
                0x0000000000000000        0x0 binaries/lfibclear.o
 .note.GNU-stack
                0x0000000000000000        0x0 binaries/lfibget.o
 .note.GNU-stack
                0x0000000000000000        0x0 binaries/lfibput.o
 .note.GNU-stack
                0x0000000000000000        0x0 binaries/lflclose.o
 .note.GNU-stack
                0x0000000000000000        0x0 binaries/lflcontrol.o
 .note.GNU-stack
                0x0000000000000000        0x0 binaries/lflgetc.o
 .note.GNU-stack
                0x0000000000000000        0x0 binaries/lflinit.o
 .note.GNU-stack
                0x0000000000000000        0x0 binaries/lflputc.o
 .note.GNU-stack
                0x0000000000000000        0x0 binaries/lflread.o
 .note.GNU-stack
                0x0000000000000000        0x0 binaries/lflseek.o
 .note.GNU-stack
                0x0000000000000000        0x0 binaries/lflwrite.o
 .note.GNU-stack
                0x0000000000000000        0x0 binaries/lfscheck.o
 .note.GNU-stack
                0x0000000000000000        0x0 binaries/lfsckfmt.o
 .note.GNU-stack
                0x0000000000000000        0x0 binaries/lfscreate.o
 .note.GNU-stack
                0x0000000000000000        0x0 binaries/lfsetup.o
 .note.GNU-stack
                0x0000000000000000        0x0 binaries/lfsinit.o
 .note.GNU-stack
                0x0000000000000000        0x0 binaries/lfsopen.o
 .note.GNU-stack
                0x0000000000000000        0x0 binaries/lftruncate.o
 .note.GNU-stack
                0x0000000000000000        0x0 binaries/rflclose.o
 .note.GNU-stack
                0x0000000000000000        0x0 binaries/rflgetc.o
 .note.GNU-stack
                0x0000000000000000        0x0 binaries/rflinit.o
 .note.GNU-stack
                0x0000000000000000        0x0 binaries/rflputc.o
 .note.GNU-stack
                0x0000000000000000        0x0 binaries/rflread.o
 .note.GNU-stack
                0x0000000000000000        0x0 binaries/rflseek.o
 .note.GNU-stack
                0x0000000000000000        0x0 binaries/rflwrite.o
 .note.GNU-stack
                0x0000000000000000        0x0 binaries/rfscomm.o
 .note.GNU-stack
                0x0000000000000000        0x0 binaries/rfscontrol.o
 .note.GNU-stack
                0x0000000000000000        0x0 binaries/rfsgetmode.o
 .note.GNU-stack
                0x0000000000000000        0x0 binaries/rfsinit.o
 .note.GNU-stack
                0x0000000000000000        0x0 binaries/rfsndmsg.o
 .note.GNU-stack
                0x0000000000000000        0x0 binaries/rfsopen.o
 .note.GNU-stack
                0x0000000000000000        0x0 binaries/arp.o
 .note.GNU-stack
                0x0000000000000000        0x0 binaries/dhcp.o
 .note.GNU-stack
                0x0000000000000000        0x0 binaries/dns.o
 .note.GNU-stack
                0x0000000000000000        0x0 binaries/dot2ip.o
 .note.GNU-stack
                0x0000000000000000        0x0 binaries/hexdump.o
 .note.GNU-stack
                0x0000000000000000        0x0 binaries/icmp.o
 .note.GNU-stack
                0x0000000000000000        0x0 binaries/ip.o
 .note.GNU-stack
                0x0000000000000000        0x0 binaries/net.o
 .note.GNU-stack
                0x0000000000000000        0x0 binaries/pdump.o
 .note.GNU-stack
                0x0000000000000000        0x0 binaries/tftp.o
 .note.GNU-stack
                0x0000000000000000        0x0 binaries/udp.o
 .note.GNU-stack
                0x0000000000000000        0x0 binaries/addargs.o
 .note.GNU-stack
                0x0000000000000000        0x0 binaries/lexan.o
 .note.GNU-stack
                0x0000000000000000        0x0 binaries/shell.o
 .note.GNU-stack
                0x0000000000000000        0x0 binaries/xsh_argecho.o
 .note.GNU-stack
                0x0000000000000000        0x0 binaries/xsh_arp.o
 .note.GNU-stack
                0x0000000000000000        0x0 binaries/xsh_cat.o
 .note.GNU-stack
                0x0000000000000000        0x0 binaries/xsh_clear.o
 .note.GNU-stack
                0x0000000000000000        0x0 binaries/xsh_date.o
 .note.GNU-stack
                0x0000000000000000        0x0 binaries/xsh_devdump.o
 .note.GNU-stack
                0x0000000000000000        0x0 binaries/xsh_echo.o
 .note.GNU-stack
                0x0000000000000000        0x0 binaries/xsh_exit.o
 .note.GNU-stack
                0x0000000000000000        0x0 binaries/xsh_help.o
 .note.GNU-stack
                0x0000000000000000        0x0 binaries/xsh_kill.o
 .note.GNU-stack
                0x0000000000000000        0x0 binaries/xsh_memdump.o
 .note.GNU-stack
                0x0000000000000000        0x0 binaries/xsh_memstat.o
 .note.GNU-stack
                0x0000000000000000        0x0 binaries/xsh_netinfo.o
 .note.GNU-stack
                0x0000000000000000        0x0 binaries/xsh_ping.o
 .note.GNU-stack
                0x0000000000000000        0x0 binaries/xsh_ps.o
 .note.GNU-stack
                0x0000000000000000        0x0 binaries/xsh_sleep.o
 .note.GNU-stack
                0x0000000000000000        0x0 binaries/xsh_todo.o
 .note.GNU-stack
                0x0000000000000000        0x0 binaries/xsh_udpdump.o
 .note.GNU-stack
                0x0000000000000000        0x0 binaries/xsh_udpecho.o
 .note.GNU-stack
                0x0000000000000000        0x0 binaries/xsh_udpserver.o
 .note.GNU-stack
                0x0000000000000000        0x0 binaries/xsh_uptime.o
